{
  "version": "1.5.0",
  "plugins_used": [
    {
      "name": "ArtifactoryDetector"
    },
    {
      "name": "AWSKeyDetector"
    },
    {
      "name": "AzureStorageKeyDetector"
    },
    {
      "name": "Base64HighEntropyString",
      "limit": 4.5
    },
    {
      "name": "BasicAuthDetector"
    },
    {
      "name": "CloudantDetector"
    },
    {
      "name": "DiscordBotTokenDetector"
    },
    {
      "name": "GitHubTokenDetector"
    },
    {
      "name": "GitLabTokenDetector"
    },
    {
      "name": "HexHighEntropyString",
      "limit": 3.0
    },
    {
      "name": "IbmCloudIamDetector"
    },
    {
      "name": "IbmCosHmacDetector"
    },
    {
      "name": "IPPublicDetector"
    },
    {
      "name": "JwtTokenDetector"
    },
    {
      "name": "KeywordDetector",
      "keyword_exclude": ""
    },
    {
      "name": "MailchimpDetector"
    },
    {
      "name": "NpmDetector"
    },
    {
      "name": "OpenAIDetector"
    },
    {
      "name": "PrivateKeyDetector"
    },
    {
      "name": "PypiTokenDetector"
    },
    {
      "name": "SendGridDetector"
    },
    {
      "name": "SlackDetector"
    },
    {
      "name": "SoftlayerDetector"
    },
    {
      "name": "SquareOAuthDetector"
    },
    {
      "name": "StripeDetector"
    },
    {
      "name": "TelegramBotTokenDetector"
    },
    {
      "name": "TwilioKeyDetector"
    }
  ],
  "filters_used": [
    {
      "path": "detect_secrets.filters.allowlist.is_line_allowlisted"
    },
    {
      "path": "detect_secrets.filters.common.is_baseline_file",
      "filename": ".secrets.baseline"
    },
    {
      "path": "detect_secrets.filters.common.is_ignored_due_to_verification_policies",
      "min_level": 2
    },
    {
      "path": "detect_secrets.filters.heuristic.is_indirect_reference"
    },
    {
      "path": "detect_secrets.filters.heuristic.is_likely_id_string"
    },
    {
      "path": "detect_secrets.filters.heuristic.is_lock_file"
    },
    {
      "path": "detect_secrets.filters.heuristic.is_not_alphanumeric_string"
    },
    {
      "path": "detect_secrets.filters.heuristic.is_potential_uuid"
    },
    {
      "path": "detect_secrets.filters.heuristic.is_prefixed_with_dollar_sign"
    },
    {
      "path": "detect_secrets.filters.heuristic.is_sequential_string"
    },
    {
      "path": "detect_secrets.filters.heuristic.is_swagger_file"
    },
    {
      "path": "detect_secrets.filters.heuristic.is_templated_secret"
    },
    {
      "path": "detect_secrets.filters.regex.should_exclude_file",
      "pattern": [
        "^.venv/|^\\.git/|^droid-wiki/|^lighthouse_cli\\.egg-info/|^\\.pytest_cache/|^__pycache__/"
      ]
    }
  ],
  "results": {
    ".pr_agent.toml": [
      {
        "type": "Secret Keyword",
        "filename": ".pr_agent.toml",
        "hashed_secret": "ac46006230e6673f7a5ccbbd38843047bf630b67",
        "is_verified": false,
        "line_number": 19,
        "is_secret": false
      }
    ],
    "README.md": [
      {
        "type": "Secret Keyword",
        "filename": "README.md",
        "hashed_secret": "45d676e7c6ab44cf4b8fa366ef2d8fccd3e6d6e6",
        "is_verified": false,
        "line_number": 267,
        "is_secret": false
      }
    ],
    "scripts/credentials.example.env": [
      {
        "type": "Secret Keyword",
        "filename": "scripts/credentials.example.env",
        "hashed_secret": "c30c2b661f287c17694f00405ba79dbbb7331205",
        "is_verified": false,
        "line_number": 9,
        "is_secret": false
      }
    ],
    "tests/test_api_transport.py": [
      {
        "type": "Basic Auth Credentials",
        "filename": "tests/test_api_transport.py",
        "hashed_secret": "9d4e1e23bd5b727046a9e3b4b7db57bd8d6ee684",
        "is_verified": false,
        "line_number": 853,
        "is_secret": false
      }
    ],
    "tests/test_assessment_workflows.py": [
      {
        "type": "Secret Keyword",
        "filename": "tests/test_assessment_workflows.py",
        "hashed_secret": "f714a8256826794cf5e9c3aa49c17d9ea53b8bd5",
        "is_verified": false,
        "line_number": 102,
        "is_secret": false
      }
    ],
    "tests/test_auth_login.py": [
      {
        "type": "Secret Keyword",
        "filename": "tests/test_auth_login.py",
        "hashed_secret": "f32b67c7e26342af42efabc674d441dca0a281c5",
        "is_verified": false,
        "line_number": 411,
        "is_secret": false
      },
      {
        "type": "Secret Keyword",
        "filename": "tests/test_auth_login.py",
        "hashed_secret": "e6f8cac5c7482fb7e8de06675b6fc585089bf0d7",
        "is_verified": false,
        "line_number": 892,
        "is_secret": false
      },
      {
        "type": "Secret Keyword",
        "filename": "tests/test_auth_login.py",
        "hashed_secret": "fdda285858f81043adc365d4533985b6d804c5c2",
        "is_verified": false,
        "line_number": 893,
        "is_secret": false
      }
    ],
    "tests/test_cli_contracts.py": [
      {
        "type": "Secret Keyword",
        "filename": "tests/test_cli_contracts.py",
        "hashed_secret": "7ce0359f12857f2a90c7de465f40a95f01cb5da9",
        "is_verified": false,
        "line_number": 57,
        "is_secret": false
      },
      {
        "type": "Basic Auth Credentials",
        "filename": "tests/test_cli_contracts.py",
        "hashed_secret": "179e114fd911d7221c35fd34521b5d028c7228c6",
        "is_verified": false,
        "line_number": 78,
        "is_secret": false
      },
      {
        "type": "Secret Keyword",
        "filename": "tests/test_cli_contracts.py",
        "hashed_secret": "d042a2aabc2178b93d8ee042f1965e01c02db5ba",
        "is_verified": false,
        "line_number": 218,
        "is_secret": false
      },
      {
        "type": "Secret Keyword",
        "filename": "tests/test_cli_contracts.py",
        "hashed_secret": "19083abd4df9df9ddec4ff8f8f2d04b3394394e7",
        "is_verified": false,
        "line_number": 301,
        "is_secret": false
      },
      {
        "type": "Secret Keyword",
        "filename": "tests/test_cli_contracts.py",
        "hashed_secret": "467a24615d843d998a1579ca537fb498a1880a23",
        "is_verified": false,
        "line_number": 582,
        "is_secret": false
      },
      {
        "type": "Hex High Entropy String",
        "filename": "tests/test_cli_contracts.py",
        "hashed_secret": "2dc5053699a351121bf839c446bd4a878dda5735",
        "is_verified": false,
        "line_number": 597,
        "is_secret": false
      },
      {
        "type": "Secret Keyword",
        "filename": "tests/test_cli_contracts.py",
        "hashed_secret": "44ae3aa5a71fbc4b2b1bc30a17ba4318cd7feb9b",
        "is_verified": false,
        "line_number": 1378,
        "is_secret": false
      },
      {
        "type": "Secret Keyword",
        "filename": "tests/test_cli_contracts.py",
        "hashed_secret": "09aaa0ab2b1665c54cf74694200328fb65652628",
        "is_verified": false,
        "line_number": 1379,
        "is_secret": false
      }
    ],
    "tests/test_credential_store.py": [
      {
        "type": "Secret Keyword",
        "filename": "tests/test_credential_store.py",
        "hashed_secret": "e5e9fa1ba31ecd1ae84f75caaa474f3a663f05f4",
        "is_verified": false,
        "line_number": 250,
        "is_secret": false
      },
      {
        "type": "Secret Keyword",
        "filename": "tests/test_credential_store.py",
        "hashed_secret": "1a91d62f7ca67399625a4368a6ab5d4a3baa6073",
        "is_verified": false,
        "line_number": 342,
        "is_secret": false
      }
    ],
    "tests/test_ms_auth.py": [
      {
        "type": "Secret Keyword",
        "filename": "tests/test_ms_auth.py",
        "hashed_secret": "e6f8cac5c7482fb7e8de06675b6fc585089bf0d7",
        "is_verified": false,
        "line_number": 734,
        "is_secret": false
      },
      {
        "type": "Secret Keyword",
        "filename": "tests/test_ms_auth.py",
        "hashed_secret": "e3eabd3c678fb7562f56965f9f6801ba69f7386d",
        "is_verified": false,
        "line_number": 742,
        "is_secret": false
      },
      {
        "type": "Secret Keyword",
        "filename": "tests/test_ms_auth.py",
        "hashed_secret": "fdda285858f81043adc365d4533985b6d804c5c2",
        "is_verified": false,
        "line_number": 743,
        "is_secret": false
      },
      {
        "type": "Secret Keyword",
        "filename": "tests/test_ms_auth.py",
        "hashed_secret": "6f190f6be91683cc65cf8f29f3829efd09251eee",
        "is_verified": false,
        "line_number": 935,
        "is_secret": false
      }
    ],
    "tests/test_ms_auth_characterization.py": [
      {
        "type": "Secret Keyword",
        "filename": "tests/test_ms_auth_characterization.py",
        "hashed_secret": "a936040fc880f71bff121baf4f243117f4207a44",
        "is_verified": false,
        "line_number": 35,
        "is_secret": false
      },
      {
        "type": "Basic Auth Credentials",
        "filename": "tests/test_ms_auth_characterization.py",
        "hashed_secret": "e6f8cac5c7482fb7e8de06675b6fc585089bf0d7",
        "is_verified": false,
        "line_number": 1207,
        "is_secret": false
      },
      {
        "type": "Secret Keyword",
        "filename": "tests/test_ms_auth_characterization.py",
        "hashed_secret": "3af92b0944046c16bd9fce6bc20e83525ae8f100",
        "is_verified": false,
        "line_number": 1346,
        "is_secret": false
      },
      {
        "type": "Basic Auth Credentials",
        "filename": "tests/test_ms_auth_characterization.py",
        "hashed_secret": "5baa61e4c9b93f3f0682250b6cf8331b7ee68fd8",
        "is_verified": false,
        "line_number": 1556,
        "is_secret": false
      }
    ],
    "tests/test_secret_absence.py": [
      {
        "type": "Secret Keyword",
        "filename": "tests/test_secret_absence.py",
        "hashed_secret": "14674a093253dbe7059f22c9cbe12028f540642d",
        "is_verified": false,
        "line_number": 24,
        "is_secret": false
      }
    ],
    "tests/test_secrets_store.py": [
      {
        "type": "Secret Keyword",
        "filename": "tests/test_secrets_store.py",
        "hashed_secret": "c13315c2a540720f880d4c9e34657be1f9626a37",
        "is_verified": false,
        "line_number": 373,
        "is_secret": false
      }
    ],
    "tests/test_submit.py": [
      {
        "type": "Secret Keyword",
        "filename": "tests/test_submit.py",
        "hashed_secret": "b7452bee81d0719226bdf72b958e1c823d65b3c3",
        "is_verified": false,
        "line_number": 686,
        "is_secret": false
      }
    ]
  },
  "generated_at": "2026-09-23T08:41:40Z"
}
